../Core/Src/main.c:128:5:main	8	static
../Core/Src/main.c:229:6:SystemClock_Config	88	static
../Core/Src/main.c:279:13:MX_ETH_Init	8	static
../Core/Src/main.c:328:13:MX_I2C1_Init	8	static
../Core/Src/main.c:376:13:MX_USART3_UART_Init	8	static
../Core/Src/main.c:411:13:MX_USB_OTG_FS_PCD_Init	8	static
../Core/Src/main.c:446:13:MX_GPIO_Init	56	static
../Core/Src/main.c:499:6:HAL_I2C_SlaveTxCpltCallback	16	static
../Core/Src/main.c:506:6:HAL_I2C_ErrorCallback	16	static
../Core/Src/main.c:510:6:HAL_I2C_ListenCpltCallback	16	static
../Core/Src/main.c:515:6:HAL_I2C_AddrCallback	16	static
../Core/Src/main.c:523:5:__io_putchar	16	static
../Core/Src/main.c:529:6:CarTask	56	static
../Core/Src/main.c:566:6:StartGPSGenTask	64	static
../Core/Src/main.c:601:6:blinking_led	16	static
../Core/Src/main.c:620:6:get_from_queue	16	static
../Core/Src/main.c:645:6:Error_Handler	4	static,ignoring_inline_asm
