../Core/Src/main.c:120:5:main	8	static
../Core/Src/main.c:228:6:SystemClock_Config	88	static
../Core/Src/main.c:278:13:MX_ETH_Init	8	static
../Core/Src/main.c:327:13:MX_I2C1_Init	8	static
../Core/Src/main.c:375:13:MX_USART3_UART_Init	8	static
../Core/Src/main.c:410:13:MX_USB_OTG_FS_PCD_Init	8	static
../Core/Src/main.c:445:13:MX_GPIO_Init	56	static
../Core/Src/main.c:498:6:HAL_I2C_SlaveTxCpltCallback	16	static
../Core/Src/main.c:505:6:HAL_I2C_ErrorCallback	16	static
../Core/Src/main.c:509:6:HAL_I2C_ListenCpltCallback	16	static
../Core/Src/main.c:514:6:HAL_I2C_AddrCallback	16	static
../Core/Src/main.c:522:6:generate_random_gps	48	static
../Core/Src/main.c:543:5:__io_putchar	16	static
../Core/Src/main.c:557:6:StartGPSGenTask	16	static
../Core/Src/main.c:595:6:blinking_led	16	static
../Core/Src/main.c:611:6:Error_Handler	4	static,ignoring_inline_asm
