../Core/Src/main.c:119:5:main	1
../Core/Src/main.c:212:6:SystemClock_Config	3
../Core/Src/main.c:262:13:MX_ETH_Init	2
../Core/Src/main.c:311:13:MX_I2C1_Init	4
../Core/Src/main.c:359:13:MX_USART3_UART_Init	2
../Core/Src/main.c:394:13:MX_USB_OTG_FS_PCD_Init	2
../Core/Src/main.c:429:13:MX_GPIO_Init	1
../Core/Src/main.c:482:6:HAL_I2C_SlaveTxCpltCallback	1
../Core/Src/main.c:487:6:HAL_I2C_AddrCallback	4
../Core/Src/main.c:520:6:generate_random_gps	1
../Core/Src/main.c:548:5:__io_putchar	1
../Core/Src/main.c:562:6:StartGPSGenTask	1
../Core/Src/main.c:587:6:blinking_blue	1
../Core/Src/main.c:603:6:Error_Handler	1
