../Core/Src/main.c:120:5:main	2
../Core/Src/main.c:228:6:SystemClock_Config	3
../Core/Src/main.c:278:13:MX_ETH_Init	2
../Core/Src/main.c:327:13:MX_I2C1_Init	4
../Core/Src/main.c:375:13:MX_USART3_UART_Init	2
../Core/Src/main.c:410:13:MX_USB_OTG_FS_PCD_Init	2
../Core/Src/main.c:445:13:MX_GPIO_Init	1
../Core/Src/main.c:498:6:HAL_I2C_SlaveTxCpltCallback	1
../Core/Src/main.c:505:6:HAL_I2C_ErrorCallback	1
../Core/Src/main.c:509:6:HAL_I2C_ListenCpltCallback	1
../Core/Src/main.c:514:6:HAL_I2C_AddrCallback	2
../Core/Src/main.c:522:6:generate_random_gps	1
../Core/Src/main.c:543:5:__io_putchar	1
../Core/Src/main.c:557:6:StartGPSGenTask	4
../Core/Src/main.c:595:6:blinking_led	1
../Core/Src/main.c:611:6:Error_Handler	1
