../Core/Src/main.c:128:5:main	8	static
../Core/Src/main.c:239:6:SystemClock_Config	88	static
../Core/Src/main.c:289:13:MX_ETH_Init	8	static
../Core/Src/main.c:338:13:MX_I2C1_Init	8	static
../Core/Src/main.c:386:13:MX_USART3_UART_Init	8	static
../Core/Src/main.c:421:13:MX_USB_OTG_FS_PCD_Init	8	static
../Core/Src/main.c:456:13:MX_GPIO_Init	56	static
../Core/Src/main.c:509:6:HAL_I2C_SlaveTxCpltCallback	16	static
../Core/Src/main.c:516:6:HAL_I2C_ErrorCallback	16	static
../Core/Src/main.c:520:6:HAL_I2C_ListenCpltCallback	16	static
../Core/Src/main.c:525:6:HAL_I2C_AddrCallback	16	static
../Core/Src/main.c:560:5:__io_putchar	16	static
../Core/Src/main.c:574:6:StartGPSGenTask	48	static
../Core/Src/main.c:623:6:blinking_led	16	static
../Core/Src/main.c:642:6:get_from_queue	16	static
../Core/Src/main.c:667:6:Error_Handler	4	static,ignoring_inline_asm
